cargo :    Compiling crabbybot-cli v
0.1.0 (D:\projects_d\ferrobot\crates
\crabbybot-cli)
At line:1 char:1
+ cargo build --workspace 2>&1 | Out
-File -FilePath build_output.txt; G 
...
+ ~~~~~~~~~~~~~~~~~~~~~~~~~~~~
    + CategoryInfo          : NotSp 
   ecified: (   Compiling cr...\cr  
  abbybot-cli):String) [], Remote   
 Exception
    + FullyQualifiedErrorId : Nativ 
   eCommandError
 
error: failed to remove file `D:\pro
jects_d\ferrobot\target\debug\crabby
bot.exe`

Caused by:
  Access is denied. (os error 5)
